[coinmint.net/index.html]
[backblue.gif]
[fade.gif]
[index.html]
[coinmint.net/skin/css/bootstrap.min.css]
[coinmint.net/skin/css/style.css]
[coinmint.net/skin/js/jquery.min.js]
[coinmint.net/skin/js/bootstrap.min.js]
[coinmint.net/skin/js/touchslide.1.1.js]
[coinmint.net/skin/js/common.js]
[coinmint.net/skin/js/flash.js]
[coinmint.net/skin/js/jquery.caroufredsel.js]
[coinmint.net/skin/css/animate.min.css]
[coinmint.net/skin/js/wow.min.js]
[coinmint.net/index-2.html]
[coinmint.net/index932e932e932e.html]
[coinmint.net/index2b652b652b65.html]
[coinmint.net/indexc1a5c1a5c1a5.html]
[coinmint.net/indexdd4edd4edd4e.html]
[coinmint.net/index9a149a149a14.html]
[coinmint.net/index470e470e470e.html]
[coinmint.net/index556855685568.html]
[coinmint.net/indexb2beb2beb2be.html]
[coinmint.net/indexd7ebd7ebd7eb.html]
[coinmint.net/index82b382b382b3.html]
[coinmint.net/index074d074d074d.html]
[coinmint.net/index686e686e686e.html]
[coinmint.net/index4c5f4c5f4c5f.html]
[coinmint.net/index7db57db57db5.html]
[coinmint.net/indexbe3ebe3ebe3e.html]
[coinmint.net/index0bc00bc00bc0.html]
[coinmint.net/index7f127f127f12.html]
[coinmint.net/index5b675b675b67.html]
[coinmint.net/indexdd9fdd9fdd9f.html]
[coinmint.net/indexcd9ccd9ccd9c.html]
[coinmint.net/indexebf0ebf0ebf0.html]
[coinmint.net/index0c760c760c76.html]
[coinmint.net/static/upload/image/20250418/1744947578806756.jpg]
[coinmint.net/static/upload/image/20250417/1744856215937064.jpg]
[coinmint.net/static/upload/image/20250417/1744856539629915.jpg]
[coinmint.net/static/upload/image/20250417/1744857283787180.jpg]
[coinmint.net/static/upload/image/20220928/1664346991219473.jpg]
[coinmint.net/static/upload/image/20250530/1748567049862319.png]
[coinmint.net/static/upload/image/20250417/1744856823557097.jpg]
[coinmint.net/index.php/sitemap.xml]
[coinmint.net/index.html]
[coinmint.net/main.js]
[coinmint.net/skin/fonts/glyphicons-halflings-regular.eot]
[coinmint.net/skin/fonts/glyphicons-halflings-regular.ttf]
[coinmint.net/skin/css/bootstrap.min.css]
[coinmint.net/skin/fonts/glyphicons-halflings-regular.svg]
[coinmint.net/skin/css/font-awesome.min.css]
[coinmint.net/skin/css/style2.css]
[coinmint.net/skin/img/search.png]
[coinmint.net/skin/img/qq_3.gif]
[coinmint.net/skin/img/tel.jpg]
[coinmint.net/skin/img/left.png]
[coinmint.net/skin/img/right.png]
[coinmint.net/skin/img/home_top_bg.jpg]
[coinmint.net/skin/img/photo_bg.jpg]
[coinmint.net/skin/img/page_list_icon.png]
[coinmint.net/skin/img/li_0.png]
[coinmint.net/skin/img/u1.png]
[coinmint.net/skin/img/u2.png]
[coinmint.net/skin/img/u4.png]
[coinmint.net/skin/img/u5.png]
[coinmint.net/skin/img/line.jpg]
[coinmint.net/skin/css/style.css]
[coinmint.net/skin/css/animate.min.css]
[coinmint.net/index-2.html]
[coinmint.net/cdn.jsdelivr.net/npm/font-awesome@4.7.0/css/font-awesome.min.41.delayed]
[coinmint.net/index932e932e932e.html]
[coinmint.net/static/upload/image/20250530/1744947578806756.html]
[coinmint.net/cdn.jsdelivr.net/npm/chart.js@4.4.8/dist/chart.umd.min.43.delayed]
[coinmint.net/static/upload/image/20250530/1748566865228697.png]
[coinmint.net/static/upload/image/team1.html]
[coinmint.net/static/upload/image/team2.html]
[coinmint.net/index2b652b652b65.html]
[coinmint.net/static/upload/image/team3.html]
[coinmint.net/static/upload/image/20250418/1744948160931225.jpg]
[coinmint.net/indexc1a5c1a5c1a5.html]
[coinmint.net/static/upload/image/20250417/1744855399172860.png]
[coinmint.net/indexdd4edd4edd4e.html]
[coinmint.net/index9a149a149a14.html]
[coinmint.net/index470e470e470e.html]
[coinmint.net/index556855685568.html]
[coinmint.net/indexb2beb2beb2be.html]
[coinmint.net/static/upload/other/20250601/team-meeting.html]
[coinmint.net/static/upload/image/20250530/1748567164963359.png]
[coinmint.net/indexd7ebd7ebd7eb.html]
[coinmint.net/index82b382b382b3.html]
[coinmint.net/index074d074d074d.html]
[coinmint.net/index686e686e686e.html]
[coinmint.net/index4c5f4c5f4c5f.html]
[coinmint.net/static/upload/other/20250417/1744861854966853.jpg]
[coinmint.net/static/upload/other/20250418/1744947881372839.html]
[coinmint.net/index7db57db57db5.html]
[coinmint.net/indexbe3ebe3ebe3e.html]
[coinmint.net/index0bc00bc00bc0.html]
[coinmint.net/static/upload/other/20250418/1744947927835945.html]
[coinmint.net/static/upload/image/20220927/1664249217591215.jpg]
[coinmint.net/index7f127f127f12.html]
[coinmint.net/index5b675b675b67.html]
[coinmint.net/indexdd9fdd9fdd9f.html]
[coinmint.net/indexcd9ccd9ccd9c.html]
[coinmint.net/indexebf0ebf0ebf0.html]
[coinmint.net/index0c760c760c76.html]
[coinmint.net/pc.html]
[coinmint.net/skin/fonts/glyphicons-halflings-regular.html]
[coinmint.net/skin/fonts/glyphicons-halflings-regular-2.html]
[coinmint.net/skin/fonts/glyphicons-halflings-regular.svg]
[coinmint.net/skin/fonts/fontawesome-webfont.eot]
[coinmint.net/skin/fonts/fontawesome-webfont.ttf]
[coinmint.net/skin/css/font-awesome.min.css]
[coinmint.net/skin/fonts/fontawesome-webfont.svg]
[coinmint.net/skin/fonts/cd-arrow.svg]
[coinmint.net/skin/css/style2.css]
[coinmint.net/skin/img/u3.html]
[coinmint.net/cdn.jsdelivr.net/npm/font-awesome@4.7.0/css/font-awesome.min.html]
[coinmint.net/static/upload/image/20250530/backblue.html]
[coinmint.net/static/upload/image/20250530/fade.html]
[coinmint.net/static/upload/image/20250530/1744947578806756.html]
[coinmint.net/cdn.jsdelivr.net/npm/chart.js@4.4.8/dist/chart.umd.min.html]
[coinmint.net/static/upload/image/20250530/bb.coinmint.cc/index.html]
[coinmint.net/static/upload/image/backblue.html]
[coinmint.net/static/upload/image/fade.html]
[coinmint.net/static/upload/image/team1.html]
[coinmint.net/static/upload/image/team2.html]
[coinmint.net/static/upload/image/team3.html]
[coinmint.net/static/upload/image/bb.coinmint.cc/index.html]
[coinmint.net/static/upload/other/20250601/backblue.html]
[coinmint.net/static/upload/other/20250601/fade.html]
[coinmint.net/static/upload/other/20250601/team-meeting.html]
[coinmint.net/static/upload/other/20250601/bb.coinmint.cc/index.html]
[coinmint.net/static/upload/other/20250418/backblue.html]
[coinmint.net/static/upload/other/20250418/fade.html]
[coinmint.net/static/upload/other/20250418/1744947881372839.html]
[coinmint.net/static/upload/other/20250418/1744947927835945.html]
[coinmint.net/skin/fonts/fontawesome-webfont.html]
[coinmint.net/skin/fonts/fontawesome-webfont.svg]
[coinmint.net/skin/fonts/cd-arrow.svg]
[coinmint.net/static/upload/image/20250530/backblue.html]
[coinmint.net/static/upload/image/20250530/fade.html]
[coinmint.net/static/upload/other/20250418/bb.coinmint.cc/index.html]
[coinmint.net/static/upload/image/20250530/bb.coinmint.cc/backblue.html]
[coinmint.net/static/upload/image/20250530/bb.coinmint.cc/fade.html]
[coinmint.net/static/upload/image/20250530/bb.coinmint.cc/index.html]
[coinmint.net/static/upload/image/backblue.html]
[coinmint.net/static/upload/image/fade.html]
[coinmint.net/static/upload/image/20250530/bb.coinmint.cc/bb.coinmint.cc/index.html]
[coinmint.net/static/upload/image/bb.coinmint.cc/backblue.html]
[coinmint.net/static/upload/image/bb.coinmint.cc/fade.html]
[coinmint.net/static/upload/image/bb.coinmint.cc/index.html]
[coinmint.net/static/upload/other/20250601/backblue.html]
[coinmint.net/static/upload/other/20250601/fade.html]
[coinmint.net/static/upload/image/bb.coinmint.cc/bb.coinmint.cc/index.html]
[coinmint.net/static/upload/other/20250601/bb.coinmint.cc/backblue.html]
[coinmint.net/static/upload/other/20250601/bb.coinmint.cc/fade.html]
[coinmint.net/static/upload/other/20250601/bb.coinmint.cc/index.html]
[coinmint.net/static/upload/other/20250418/backblue.html]
[coinmint.net/static/upload/other/20250418/fade.html]
[coinmint.net/static/upload/other/20250601/bb.coinmint.cc/bb.coinmint.cc/index.html]
[coinmint.net/static/upload/other/20250418/bb.coinmint.cc/backblue.html]
[coinmint.net/static/upload/other/20250418/bb.coinmint.cc/fade.html]
[coinmint.net/static/upload/other/20250418/bb.coinmint.cc/index.html]
[coinmint.net/static/upload/image/20250530/bb.coinmint.cc/backblue.html]
[coinmint.net/static/upload/image/20250530/bb.coinmint.cc/fade.html]
[coinmint.net/static/upload/other/20250418/bb.coinmint.cc/bb.coinmint.cc/index.html]
[coinmint.net/static/upload/image/20250530/bb.coinmint.cc/bb.coinmint.cc/backblue.html]
[coinmint.net/static/upload/image/20250530/bb.coinmint.cc/bb.coinmint.cc/fade.html]
[coinmint.net/static/upload/image/20250530/bb.coinmint.cc/bb.coinmint.cc/index.html]
[coinmint.net/static/upload/image/bb.coinmint.cc/backblue.html]
[coinmint.net/static/upload/image/bb.coinmint.cc/fade.html]
[coinmint.net/static/upload/image/20250530/bb.coinmint.cc/bb.coinmint.cc/bb.coinmint.cc/index.html]
[coinmint.net/static/upload/image/bb.coinmint.cc/bb.coinmint.cc/backblue.html]
[coinmint.net/static/upload/image/bb.coinmint.cc/bb.coinmint.cc/fade.html]
[coinmint.net/static/upload/image/bb.coinmint.cc/bb.coinmint.cc/index.html]
[coinmint.net/static/upload/other/20250601/bb.coinmint.cc/backblue.html]
[coinmint.net/static/upload/other/20250601/bb.coinmint.cc/fade.html]
[coinmint.net/static/upload/image/bb.coinmint.cc/bb.coinmint.cc/bb.coinmint.cc/index.html]
[coinmint.net/static/upload/other/20250601/bb.coinmint.cc/bb.coinmint.cc/backblue.html]
[coinmint.net/static/upload/other/20250601/bb.coinmint.cc/bb.coinmint.cc/fade.html]
[coinmint.net/static/upload/other/20250601/bb.coinmint.cc/bb.coinmint.cc/index.html]
[coinmint.net/static/upload/other/20250418/bb.coinmint.cc/backblue.html]
[coinmint.net/static/upload/other/20250418/bb.coinmint.cc/fade.html]
[coinmint.net/static/upload/other/20250601/bb.coinmint.cc/bb.coinmint.cc/bb.coinmint.cc/index.html]
[coinmint.net/static/upload/other/20250418/bb.coinmint.cc/bb.coinmint.cc/backblue.html]
[coinmint.net/static/upload/other/20250418/bb.coinmint.cc/bb.coinmint.cc/fade.html]
[coinmint.net/static/upload/other/20250418/bb.coinmint.cc/bb.coinmint.cc/index.html]
[coinmint.net/static/upload/image/20250530/bb.coinmint.cc/bb.coinmint.cc/backblue.html]
[coinmint.net/static/upload/image/20250530/bb.coinmint.cc/bb.coinmint.cc/fade.html]
[coinmint.net/static/upload/other/20250418/bb.coinmint.cc/bb.coinmint.cc/bb.coinmint.cc/index.html]
[coinmint.net/static/upload/image/20250530/bb.coinmint.cc/bb.coinmint.cc/bb.coinmint.cc/backblue.html]
[coinmint.net/static/upload/image/20250530/bb.coinmint.cc/bb.coinmint.cc/bb.coinmint.cc/fade.html]
[coinmint.net/static/upload/image/20250530/bb.coinmint.cc/bb.coinmint.cc/bb.coinmint.cc/index.html]
[coinmint.net/static/upload/image/bb.coinmint.cc/bb.coinmint.cc/backblue.html]
[coinmint.net/static/upload/image/bb.coinmint.cc/bb.coinmint.cc/fade.html]
[coinmint.net/static/upload/image/20250530/bb.coinmint.cc/bb.coinmint.cc/bb.coinmint.cc/bb.coinmint.cc/index.html]
[coinmint.net/static/upload/image/bb.coinmint.cc/bb.coinmint.cc/bb.coinmint.cc/backblue.html]
[coinmint.net/static/upload/image/bb.coinmint.cc/bb.coinmint.cc/bb.coinmint.cc/fade.html]
[coinmint.net/static/upload/image/bb.coinmint.cc/bb.coinmint.cc/bb.coinmint.cc/index.html]
[coinmint.net/static/upload/other/20250601/bb.coinmint.cc/bb.coinmint.cc/backblue.html]
[coinmint.net/static/upload/other/20250601/bb.coinmint.cc/bb.coinmint.cc/fade.html]
[coinmint.net/static/upload/image/bb.coinmint.cc/bb.coinmint.cc/bb.coinmint.cc/bb.coinmint.cc/index.html]
[coinmint.net/static/upload/other/20250601/bb.coinmint.cc/bb.coinmint.cc/bb.coinmint.cc/backblue.html]
[coinmint.net/static/upload/other/20250601/bb.coinmint.cc/bb.coinmint.cc/bb.coinmint.cc/fade.html]
[coinmint.net/static/upload/other/20250601/bb.coinmint.cc/bb.coinmint.cc/bb.coinmint.cc/index.html]
[coinmint.net/static/upload/other/20250418/bb.coinmint.cc/bb.coinmint.cc/backblue.html]
[coinmint.net/static/upload/other/20250418/bb.coinmint.cc/bb.coinmint.cc/fade.html]
[coinmint.net/static/upload/other/20250601/bb.coinmint.cc/bb.coinmint.cc/bb.coinmint.cc/bb.coinmint.cc/index.html]
[coinmint.net/static/upload/other/20250418/bb.coinmint.cc/bb.coinmint.cc/bb.coinmint.cc/backblue.html]
[coinmint.net/static/upload/other/20250418/bb.coinmint.cc/bb.coinmint.cc/bb.coinmint.cc/fade.html]
[coinmint.net/static/upload/other/20250418/bb.coinmint.cc/bb.coinmint.cc/bb.coinmint.cc/index.html]
[coinmint.net/static/upload/image/20250530/bb.coinmint.cc/bb.coinmint.cc/bb.coinmint.cc/backblue.html]
[coinmint.net/static/upload/image/20250530/bb.coinmint.cc/bb.coinmint.cc/bb.coinmint.cc/fade.html]
[coinmint.net/static/upload/other/20250418/bb.coinmint.cc/bb.coinmint.cc/bb.coinmint.cc/bb.coinmint.cc/index.html]
[coinmint.net/static/upload/image/20250530/bb.coinmint.cc/bb.coinmint.cc/bb.coinmint.cc/bb.coinmint.cc/backblue.html]
[coinmint.net/static/upload/image/20250530/bb.coinmint.cc/bb.coinmint.cc/bb.coinmint.cc/bb.coinmint.cc/fade.html]
[coinmint.net/static/upload/image/20250530/bb.coinmint.cc/bb.coinmint.cc/bb.coinmint.cc/bb.coinmint.cc/index.html]
[coinmint.net/static/upload/image/bb.coinmint.cc/bb.coinmint.cc/bb.coinmint.cc/backblue.html]
[coinmint.net/static/upload/image/bb.coinmint.cc/bb.coinmint.cc/bb.coinmint.cc/fade.html]
[coinmint.net/static/upload/image/20250530/bb.coinmint.cc/bb.coinmint.cc/bb.coinmint.cc/bb.coinmint.cc/bb.coinmint.cc/index.html]
[coinmint.net/static/upload/image/bb.coinmint.cc/bb.coinmint.cc/bb.coinmint.cc/bb.coinmint.cc/backblue.html]
[coinmint.net/static/upload/image/bb.coinmint.cc/bb.coinmint.cc/bb.coinmint.cc/bb.coinmint.cc/fade.html]
[coinmint.net/static/upload/image/bb.coinmint.cc/bb.coinmint.cc/bb.coinmint.cc/bb.coinmint.cc/index.html]
[coinmint.net/static/upload/other/20250601/bb.coinmint.cc/bb.coinmint.cc/bb.coinmint.cc/backblue.html]
[coinmint.net/static/upload/other/20250601/bb.coinmint.cc/bb.coinmint.cc/bb.coinmint.cc/fade.html]
[coinmint.net/static/upload/image/bb.coinmint.cc/bb.coinmint.cc/bb.coinmint.cc/bb.coinmint.cc/bb.coinmint.cc/index.html]
[coinmint.net/static/upload/other/20250601/bb.coinmint.cc/bb.coinmint.cc/bb.coinmint.cc/bb.coinmint.cc/backblue.html]
[coinmint.net/static/upload/other/20250601/bb.coinmint.cc/bb.coinmint.cc/bb.coinmint.cc/bb.coinmint.cc/fade.html]
[coinmint.net/static/upload/other/20250601/bb.coinmint.cc/bb.coinmint.cc/bb.coinmint.cc/bb.coinmint.cc/index.html]
[coinmint.net/static/upload/other/20250418/bb.coinmint.cc/bb.coinmint.cc/bb.coinmint.cc/backblue.html]
[coinmint.net/static/upload/other/20250418/bb.coinmint.cc/bb.coinmint.cc/bb.coinmint.cc/fade.html]
[coinmint.net/static/upload/other/20250601/bb.coinmint.cc/bb.coinmint.cc/bb.coinmint.cc/bb.coinmint.cc/bb.coinmint.cc/index.html]
[coinmint.net/static/upload/other/20250418/bb.coinmint.cc/bb.coinmint.cc/bb.coinmint.cc/bb.coinmint.cc/backblue.html]
[coinmint.net/static/upload/other/20250418/bb.coinmint.cc/bb.coinmint.cc/bb.coinmint.cc/bb.coinmint.cc/fade.html]
[coinmint.net/static/upload/other/20250418/bb.coinmint.cc/bb.coinmint.cc/bb.coinmint.cc/bb.coinmint.cc/index.html]
[coinmint.net/static/upload/image/20250530/bb.coinmint.cc/bb.coinmint.cc/bb.coinmint.cc/bb.coinmint.cc/backblue.html]
[coinmint.net/static/upload/image/20250530/bb.coinmint.cc/bb.coinmint.cc/bb.coinmint.cc/bb.coinmint.cc/fade.html]
[coinmint.net/static/upload/other/20250418/bb.coinmint.cc/bb.coinmint.cc/bb.coinmint.cc/bb.coinmint.cc/bb.coinmint.cc/index.html]
[coinmint.net/static/upload/image/20250530/bb.coinmint.cc/bb.coinmint.cc/bb.coinmint.cc/bb.coinmint.cc/bb.coinmint.cc/backblue.html]
[coinmint.net/static/upload/image/20250530/bb.coinmint.cc/bb.coinmint.cc/bb.coinmint.cc/bb.coinmint.cc/bb.coinmint.cc/fade.html]
[coinmint.net/static/upload/image/20250530/bb.coinmint.cc/bb.coinmint.cc/bb.coinmint.cc/bb.coinmint.cc/bb.coinmint.cc/index.html]
[coinmint.net/static/upload/image/bb.coinmint.cc/bb.coinmint.cc/bb.coinmint.cc/bb.coinmint.cc/backblue.html]
[coinmint.net/static/upload/image/bb.coinmint.cc/bb.coinmint.cc/bb.coinmint.cc/bb.coinmint.cc/fade.html]
[coinmint.net/static/upload/image/20250530/bb.coinmint.cc/bb.coinmint.cc/bb.coinmint.cc/bb.coinmint.cc/bb.coinmint.cc/bb.coinmint.cc/index.html]
[coinmint.net/static/upload/image/bb.coinmint.cc/bb.coinmint.cc/bb.coinmint.cc/bb.coinmint.cc/bb.coinmint.cc/backblue.html]
[coinmint.net/static/upload/image/bb.coinmint.cc/bb.coinmint.cc/bb.coinmint.cc/bb.coinmint.cc/bb.coinmint.cc/fade.html]
[coinmint.net/static/upload/image/bb.coinmint.cc/bb.coinmint.cc/bb.coinmint.cc/bb.coinmint.cc/bb.coinmint.cc/index.html]
[coinmint.net/static/upload/other/20250601/bb.coinmint.cc/bb.coinmint.cc/bb.coinmint.cc/bb.coinmint.cc/backblue.html]
[coinmint.net/static/upload/other/20250601/bb.coinmint.cc/bb.coinmint.cc/bb.coinmint.cc/bb.coinmint.cc/fade.html]
[coinmint.net/static/upload/image/bb.coinmint.cc/bb.coinmint.cc/bb.coinmint.cc/bb.coinmint.cc/bb.coinmint.cc/bb.coinmint.cc/index.html]
[coinmint.net/static/upload/other/20250601/bb.coinmint.cc/bb.coinmint.cc/bb.coinmint.cc/bb.coinmint.cc/bb.coinmint.cc/backblue.html]
[coinmint.net/static/upload/other/20250601/bb.coinmint.cc/bb.coinmint.cc/bb.coinmint.cc/bb.coinmint.cc/bb.coinmint.cc/fade.html]
[coinmint.net/static/upload/other/20250601/bb.coinmint.cc/bb.coinmint.cc/bb.coinmint.cc/bb.coinmint.cc/bb.coinmint.cc/index.html]
[coinmint.net/static/upload/other/20250418/bb.coinmint.cc/bb.coinmint.cc/bb.coinmint.cc/bb.coinmint.cc/backblue.html]
[coinmint.net/static/upload/other/20250418/bb.coinmint.cc/bb.coinmint.cc/bb.coinmint.cc/bb.coinmint.cc/fade.html]
[coinmint.net/static/upload/other/20250601/bb.coinmint.cc/bb.coinmint.cc/bb.coinmint.cc/bb.coinmint.cc/bb.coinmint.cc/bb.coinmint.cc/index.html]
[coinmint.net/static/upload/other/20250418/bb.coinmint.cc/bb.coinmint.cc/bb.coinmint.cc/bb.coinmint.cc/bb.coinmint.cc/backblue.html]
[coinmint.net/static/upload/other/20250418/bb.coinmint.cc/bb.coinmint.cc/bb.coinmint.cc/bb.coinmint.cc/bb.coinmint.cc/fade.html]
[coinmint.net/static/upload/other/20250418/bb.coinmint.cc/bb.coinmint.cc/bb.coinmint.cc/bb.coinmint.cc/bb.coinmint.cc/index.html]
[coinmint.net/static/upload/image/20250530/bb.coinmint.cc/bb.coinmint.cc/bb.coinmint.cc/bb.coinmint.cc/bb.coinmint.cc/backblue.html]
[coinmint.net/static/upload/image/20250530/bb.coinmint.cc/bb.coinmint.cc/bb.coinmint.cc/bb.coinmint.cc/bb.coinmint.cc/fade.html]
[coinmint.net/static/upload/other/20250418/bb.coinmint.cc/bb.coinmint.cc/bb.coinmint.cc/bb.coinmint.cc/bb.coinmint.cc/bb.coinmint.cc/index.html]
[coinmint.net/static/upload/image/20250530/bb.coinmint.cc/bb.coinmint.cc/bb.coinmint.cc/bb.coinmint.cc/bb.coinmint.cc/bb.coinmint.cc/backblue.html]
[coinmint.net/static/upload/image/20250530/bb.coinmint.cc/bb.coinmint.cc/bb.coinmint.cc/bb.coinmint.cc/bb.coinmint.cc/bb.coinmint.cc/fade.html]
[coinmint.net/static/upload/image/20250530/bb.coinmint.cc/bb.coinmint.cc/bb.coinmint.cc/bb.coinmint.cc/bb.coinmint.cc/bb.coinmint.cc/index.html]
[coinmint.net/static/upload/image/bb.coinmint.cc/bb.coinmint.cc/bb.coinmint.cc/bb.coinmint.cc/bb.coinmint.cc/backblue.html]
[coinmint.net/static/upload/image/bb.coinmint.cc/bb.coinmint.cc/bb.coinmint.cc/bb.coinmint.cc/bb.coinmint.cc/fade.html]
[coinmint.net/static/upload/image/20250530/bb.coinmint.cc/bb.coinmint.cc/bb.coinmint.cc/bb.coinmint.cc/bb.coinmint.cc/bb.coinmint.cc/bb.coinmint.cc/index.html]
[coinmint.net/static/upload/image/bb.coinmint.cc/bb.coinmint.cc/bb.coinmint.cc/bb.coinmint.cc/bb.coinmint.cc/bb.coinmint.cc/backblue.html]
[coinmint.net/static/upload/image/bb.coinmint.cc/bb.coinmint.cc/bb.coinmint.cc/bb.coinmint.cc/bb.coinmint.cc/bb.coinmint.cc/fade.html]
[coinmint.net/static/upload/image/bb.coinmint.cc/bb.coinmint.cc/bb.coinmint.cc/bb.coinmint.cc/bb.coinmint.cc/bb.coinmint.cc/index.html]
[coinmint.net/static/upload/other/20250601/bb.coinmint.cc/bb.coinmint.cc/bb.coinmint.cc/bb.coinmint.cc/bb.coinmint.cc/backblue.html]
[coinmint.net/static/upload/other/20250601/bb.coinmint.cc/bb.coinmint.cc/bb.coinmint.cc/bb.coinmint.cc/bb.coinmint.cc/fade.html]
[coinmint.net/static/upload/image/bb.coinmint.cc/bb.coinmint.cc/bb.coinmint.cc/bb.coinmint.cc/bb.coinmint.cc/bb.coinmint.cc/bb.coinmint.cc/index.html]
[coinmint.net/static/upload/other/20250601/bb.coinmint.cc/bb.coinmint.cc/bb.coinmint.cc/bb.coinmint.cc/bb.coinmint.cc/bb.coinmint.cc/backblue.html]
[coinmint.net/static/upload/other/20250601/bb.coinmint.cc/bb.coinmint.cc/bb.coinmint.cc/bb.coinmint.cc/bb.coinmint.cc/bb.coinmint.cc/fade.html]
[coinmint.net/static/upload/other/20250601/bb.coinmint.cc/bb.coinmint.cc/bb.coinmint.cc/bb.coinmint.cc/bb.coinmint.cc/bb.coinmint.cc/index.html]
[coinmint.net/static/upload/other/20250418/bb.coinmint.cc/bb.coinmint.cc/bb.coinmint.cc/bb.coinmint.cc/bb.coinmint.cc/backblue.html]
[coinmint.net/static/upload/other/20250418/bb.coinmint.cc/bb.coinmint.cc/bb.coinmint.cc/bb.coinmint.cc/bb.coinmint.cc/fade.html]
[coinmint.net/static/upload/other/20250601/bb.coinmint.cc/bb.coinmint.cc/bb.coinmint.cc/bb.coinmint.cc/bb.coinmint.cc/bb.coinmint.cc/bb.coinmint.cc/index.html]
[coinmint.net/static/upload/other/20250418/bb.coinmint.cc/bb.coinmint.cc/bb.coinmint.cc/bb.coinmint.cc/bb.coinmint.cc/bb.coinmint.cc/backblue.html]
[coinmint.net/static/upload/other/20250418/bb.coinmint.cc/bb.coinmint.cc/bb.coinmint.cc/bb.coinmint.cc/bb.coinmint.cc/bb.coinmint.cc/fade.html]
[coinmint.net/static/upload/other/20250418/bb.coinmint.cc/bb.coinmint.cc/bb.coinmint.cc/bb.coinmint.cc/bb.coinmint.cc/bb.coinmint.cc/index.html]
[coinmint.net/static/upload/image/20250530/bb.coinmint.cc/bb.coinmint.cc/bb.coinmint.cc/bb.coinmint.cc/bb.coinmint.cc/bb.coinmint.cc/backblue.html]
[coinmint.net/static/upload/image/20250530/bb.coinmint.cc/bb.coinmint.cc/bb.coinmint.cc/bb.coinmint.cc/bb.coinmint.cc/bb.coinmint.cc/fade.html]
[coinmint.net/static/upload/other/20250418/bb.coinmint.cc/bb.coinmint.cc/bb.coinmint.cc/bb.coinmint.cc/bb.coinmint.cc/bb.coinmint.cc/bb.coinmint.cc/index.html]
[coinmint.net/static/upload/image/20250530/bb.coinmint.cc/bb.coinmint.cc/bb.coinmint.cc/bb.coinmint.cc/bb.coinmint.cc/bb.coinmint.cc/bb.coinmint.cc/backblue.html]
[coinmint.net/static/upload/image/20250530/bb.coinmint.cc/bb.coinmint.cc/bb.coinmint.cc/bb.coinmint.cc/bb.coinmint.cc/bb.coinmint.cc/bb.coinmint.cc/fade.html]
[coinmint.net/static/upload/image/20250530/bb.coinmint.cc/bb.coinmint.cc/bb.coinmint.cc/bb.coinmint.cc/bb.coinmint.cc/bb.coinmint.cc/bb.coinmint.cc/index.html]
[coinmint.net/static/upload/image/bb.coinmint.cc/bb.coinmint.cc/bb.coinmint.cc/bb.coinmint.cc/bb.coinmint.cc/bb.coinmint.cc/backblue.html]
[coinmint.net/static/upload/image/bb.coinmint.cc/bb.coinmint.cc/bb.coinmint.cc/bb.coinmint.cc/bb.coinmint.cc/bb.coinmint.cc/fade.html]
[coinmint.net/static/upload/image/20250530/bb.coinmint.cc/bb.coinmint.cc/bb.coinmint.cc/bb.coinmint.cc/bb.coinmint.cc/bb.coinmint.cc/bb.coinmint.cc/bb.coinmint.cc/index.html]
[coinmint.net/static/upload/image/bb.coinmint.cc/bb.coinmint.cc/bb.coinmint.cc/bb.coinmint.cc/bb.coinmint.cc/bb.coinmint.cc/bb.coinmint.cc/backblue.html]
[coinmint.net/static/upload/image/bb.coinmint.cc/bb.coinmint.cc/bb.coinmint.cc/bb.coinmint.cc/bb.coinmint.cc/bb.coinmint.cc/bb.coinmint.cc/fade.html]
[coinmint.net/static/upload/image/bb.coinmint.cc/bb.coinmint.cc/bb.coinmint.cc/bb.coinmint.cc/bb.coinmint.cc/bb.coinmint.cc/bb.coinmint.cc/index.html]
[coinmint.net/static/upload/other/20250601/bb.coinmint.cc/bb.coinmint.cc/bb.coinmint.cc/bb.coinmint.cc/bb.coinmint.cc/bb.coinmint.cc/backblue.html]
[coinmint.net/static/upload/other/20250601/bb.coinmint.cc/bb.coinmint.cc/bb.coinmint.cc/bb.coinmint.cc/bb.coinmint.cc/bb.coinmint.cc/fade.html]
[coinmint.net/static/upload/image/bb.coinmint.cc/bb.coinmint.cc/bb.coinmint.cc/bb.coinmint.cc/bb.coinmint.cc/bb.coinmint.cc/bb.coinmint.cc/bb.coinmint.cc/index.html]
[coinmint.net/static/upload/other/20250601/bb.coinmint.cc/bb.coinmint.cc/bb.coinmint.cc/bb.coinmint.cc/bb.coinmint.cc/bb.coinmint.cc/bb.coinmint.cc/backblue.html]
[coinmint.net/static/upload/other/20250601/bb.coinmint.cc/bb.coinmint.cc/bb.coinmint.cc/bb.coinmint.cc/bb.coinmint.cc/bb.coinmint.cc/bb.coinmint.cc/fade.html]
[coinmint.net/static/upload/other/20250601/bb.coinmint.cc/bb.coinmint.cc/bb.coinmint.cc/bb.coinmint.cc/bb.coinmint.cc/bb.coinmint.cc/bb.coinmint.cc/index.html]
[coinmint.net/static/upload/other/20250418/bb.coinmint.cc/bb.coinmint.cc/bb.coinmint.cc/bb.coinmint.cc/bb.coinmint.cc/bb.coinmint.cc/backblue.html]
[coinmint.net/static/upload/other/20250418/bb.coinmint.cc/bb.coinmint.cc/bb.coinmint.cc/bb.coinmint.cc/bb.coinmint.cc/bb.coinmint.cc/fade.html]
[coinmint.net/static/upload/other/20250601/bb.coinmint.cc/bb.coinmint.cc/bb.coinmint.cc/bb.coinmint.cc/bb.coinmint.cc/bb.coinmint.cc/bb.coinmint.cc/bb.coinmint.cc/index.html]
[coinmint.net/static/upload/other/20250418/bb.coinmint.cc/bb.coinmint.cc/bb.coinmint.cc/bb.coinmint.cc/bb.coinmint.cc/bb.coinmint.cc/bb.coinmint.cc/backblue.html]
[coinmint.net/static/upload/other/20250418/bb.coinmint.cc/bb.coinmint.cc/bb.coinmint.cc/bb.coinmint.cc/bb.coinmint.cc/bb.coinmint.cc/bb.coinmint.cc/fade.html]
[coinmint.net/static/upload/other/20250418/bb.coinmint.cc/bb.coinmint.cc/bb.coinmint.cc/bb.coinmint.cc/bb.coinmint.cc/bb.coinmint.cc/bb.coinmint.cc/index.html]
[coinmint.net/static/upload/image/20250530/bb.coinmint.cc/bb.coinmint.cc/bb.coinmint.cc/bb.coinmint.cc/bb.coinmint.cc/bb.coinmint.cc/bb.coinmint.cc/backblue.html]
[coinmint.net/static/upload/image/20250530/bb.coinmint.cc/bb.coinmint.cc/bb.coinmint.cc/bb.coinmint.cc/bb.coinmint.cc/bb.coinmint.cc/bb.coinmint.cc/fade.html]
[coinmint.net/static/upload/other/20250418/bb.coinmint.cc/bb.coinmint.cc/bb.coinmint.cc/bb.coinmint.cc/bb.coinmint.cc/bb.coinmint.cc/bb.coinmint.cc/bb.coinmint.cc/index.html]
[coinmint.net/static/upload/image/20250530/bb.coinmint.cc/bb.coinmint.cc/bb.coinmint.cc/bb.coinmint.cc/bb.coinmint.cc/bb.coinmint.cc/bb.coinmint.cc/bb.coinmint.cc/backblue.html]
[coinmint.net/static/upload/image/20250530/bb.coinmint.cc/bb.coinmint.cc/bb.coinmint.cc/bb.coinmint.cc/bb.coinmint.cc/bb.coinmint.cc/bb.coinmint.cc/bb.coinmint.cc/fade.html]
[coinmint.net/static/upload/image/20250530/bb.coinmint.cc/bb.coinmint.cc/bb.coinmint.cc/bb.coinmint.cc/bb.coinmint.cc/bb.coinmint.cc/bb.coinmint.cc/bb.coinmint.cc/index.html]
[coinmint.net/static/upload/image/bb.coinmint.cc/bb.coinmint.cc/bb.coinmint.cc/bb.coinmint.cc/bb.coinmint.cc/bb.coinmint.cc/bb.coinmint.cc/backblue.html]
[coinmint.net/static/upload/image/bb.coinmint.cc/bb.coinmint.cc/bb.coinmint.cc/bb.coinmint.cc/bb.coinmint.cc/bb.coinmint.cc/bb.coinmint.cc/fade.html]
[coinmint.net/static/upload/image/20250530/bb.coinmint.cc/bb.coinmint.cc/bb.coinmint.cc/bb.coinmint.cc/bb.coinmint.cc/bb.coinmint.cc/bb.coinmint.cc/bb.coinmint.cc/bb.coinmint.cc/index.html]
[coinmint.net/static/upload/image/bb.coinmint.cc/bb.coinmint.cc/bb.coinmint.cc/bb.coinmint.cc/bb.coinmint.cc/bb.coinmint.cc/bb.coinmint.cc/bb.coinmint.cc/backblue.html]
[coinmint.net/static/upload/image/bb.coinmint.cc/bb.coinmint.cc/bb.coinmint.cc/bb.coinmint.cc/bb.coinmint.cc/bb.coinmint.cc/bb.coinmint.cc/bb.coinmint.cc/fade.html]
[coinmint.net/static/upload/image/bb.coinmint.cc/bb.coinmint.cc/bb.coinmint.cc/bb.coinmint.cc/bb.coinmint.cc/bb.coinmint.cc/bb.coinmint.cc/bb.coinmint.cc/index.html]
[coinmint.net/static/upload/other/20250601/bb.coinmint.cc/bb.coinmint.cc/bb.coinmint.cc/bb.coinmint.cc/bb.coinmint.cc/bb.coinmint.cc/bb.coinmint.cc/backblue.html]
[coinmint.net/static/upload/other/20250601/bb.coinmint.cc/bb.coinmint.cc/bb.coinmint.cc/bb.coinmint.cc/bb.coinmint.cc/bb.coinmint.cc/bb.coinmint.cc/fade.html]
[coinmint.net/static/upload/image/bb.coinmint.cc/bb.coinmint.cc/bb.coinmint.cc/bb.coinmint.cc/bb.coinmint.cc/bb.coinmint.cc/bb.coinmint.cc/bb.coinmint.cc/bb.coinmint.cc/index.html]
[coinmint.net/static/upload/other/20250601/bb.coinmint.cc/bb.coinmint.cc/bb.coinmint.cc/bb.coinmint.cc/bb.coinmint.cc/bb.coinmint.cc/bb.coinmint.cc/bb.coinmint.cc/backblue.html]
[coinmint.net/static/upload/other/20250601/bb.coinmint.cc/bb.coinmint.cc/bb.coinmint.cc/bb.coinmint.cc/bb.coinmint.cc/bb.coinmint.cc/bb.coinmint.cc/bb.coinmint.cc/fade.html]
[coinmint.net/static/upload/other/20250601/bb.coinmint.cc/bb.coinmint.cc/bb.coinmint.cc/bb.coinmint.cc/bb.coinmint.cc/bb.coinmint.cc/bb.coinmint.cc/bb.coinmint.cc/index.html]
[coinmint.net/static/upload/other/20250418/bb.coinmint.cc/bb.coinmint.cc/bb.coinmint.cc/bb.coinmint.cc/bb.coinmint.cc/bb.coinmint.cc/bb.coinmint.cc/backblue.html]
[coinmint.net/static/upload/other/20250418/bb.coinmint.cc/bb.coinmint.cc/bb.coinmint.cc/bb.coinmint.cc/bb.coinmint.cc/bb.coinmint.cc/bb.coinmint.cc/fade.html]
[coinmint.net/static/upload/other/20250601/bb.coinmint.cc/bb.coinmint.cc/bb.coinmint.cc/bb.coinmint.cc/bb.coinmint.cc/bb.coinmint.cc/bb.coinmint.cc/bb.coinmint.cc/bb.coinmint.cc/index.html]
[coinmint.net/static/upload/other/20250418/bb.coinmint.cc/bb.coinmint.cc/bb.coinmint.cc/bb.coinmint.cc/bb.coinmint.cc/bb.coinmint.cc/bb.coinmint.cc/bb.coinmint.cc/backblue.html]
[coinmint.net/static/upload/other/20250418/bb.coinmint.cc/bb.coinmint.cc/bb.coinmint.cc/bb.coinmint.cc/bb.coinmint.cc/bb.coinmint.cc/bb.coinmint.cc/bb.coinmint.cc/fade.html]
[coinmint.net/static/upload/other/20250418/bb.coinmint.cc/bb.coinmint.cc/bb.coinmint.cc/bb.coinmint.cc/bb.coinmint.cc/bb.coinmint.cc/bb.coinmint.cc/bb.coinmint.cc/index.html]
[coinmint.net/static/upload/image/20250530/bb.coinmint.cc/bb.coinmint.cc/bb.coinmint.cc/bb.coinmint.cc/bb.coinmint.cc/bb.coinmint.cc/bb.coinmint.cc/bb.coinmint.cc/backblue.html]
[coinmint.net/static/upload/image/20250530/bb.coinmint.cc/bb.coinmint.cc/bb.coinmint.cc/bb.coinmint.cc/bb.coinmint.cc/bb.coinmint.cc/bb.coinmint.cc/bb.coinmint.cc/fade.html]
[coinmint.net/static/upload/other/20250418/bb.coinmint.cc/bb.coinmint.cc/bb.coinmint.cc/bb.coinmint.cc/bb.coinmint.cc/bb.coinmint.cc/bb.coinmint.cc/bb.coinmint.cc/bb.coinmint.cc/index.html]
[coinmint.net/static/upload/image/20250530/bb.coinmint.cc/bb.coinmint.cc/bb.coinmint.cc/bb.coinmint.cc/bb.coinmint.cc/bb.coinmint.cc/bb.coinmint.cc/bb.coinmint.cc/bb.coinmint.c/backblue.c3.delaye]
[coinmint.net/static/upload/image/20250530/bb.coinmint.cc/bb.coinmint.cc/bb.coinmint.cc/bb.coinmint.cc/bb.coinmint.cc/bb.coinmint.cc/bb.coinmint.cc/bb.coinmint.cc/bb.coinmint.cc/fade.html]
[coinmint.net/static/upload/image/20250530/bb.coinmint.cc/bb.coinmint.cc/bb.coinmint.cc/bb.coinmint.cc/bb.coinmint.cc/bb.coinmint.cc/bb.coinmint.cc/bb.coinmint.cc/bb.coinmint.cc/index.html]
[coinmint.net/static/upload/image/bb.coinmint.cc/bb.coinmint.cc/bb.coinmint.cc/bb.coinmint.cc/bb.coinmint.cc/bb.coinmint.cc/bb.coinmint.cc/bb.coinmint.cc/backblue.html]
[coinmint.net/static/upload/image/bb.coinmint.cc/bb.coinmint.cc/bb.coinmint.cc/bb.coinmint.cc/bb.coinmint.cc/bb.coinmint.cc/bb.coinmint.cc/bb.coinmint.cc/fade.html]
[coinmint.net/static/upload/image/20250530/bb.coinmint.cc/bb.coinmint.cc/bb.coinmint.cc/bb.coinmint.cc/bb.coinmint.cc/bb.coinmint.cc/bb.coinmint.cc/bb.coinmint.cc/bb.coinmint.cc/b/index.c5.delaye]
[coinmint.net/static/upload/image/bb.coinmint.cc/bb.coinmint.cc/bb.coinmint.cc/bb.coinmint.cc/bb.coinmint.cc/bb.coinmint.cc/bb.coinmint.cc/bb.coinmint.cc/bb.coinmint.cc/backblue.html]
[coinmint.net/static/upload/image/bb.coinmint.cc/bb.coinmint.cc/bb.coinmint.cc/bb.coinmint.cc/bb.coinmint.cc/bb.coinmint.cc/bb.coinmint.cc/bb.coinmint.cc/bb.coinmint.cc/fade.html]
[coinmint.net/static/upload/image/bb.coinmint.cc/bb.coinmint.cc/bb.coinmint.cc/bb.coinmint.cc/bb.coinmint.cc/bb.coinmint.cc/bb.coinmint.cc/bb.coinmint.cc/bb.coinmint.cc/index.html]
[coinmint.net/static/upload/other/20250601/bb.coinmint.cc/bb.coinmint.cc/bb.coinmint.cc/bb.coinmint.cc/bb.coinmint.cc/bb.coinmint.cc/bb.coinmint.cc/bb.coinmint.cc/backblue.html]
[coinmint.net/static/upload/other/20250601/bb.coinmint.cc/bb.coinmint.cc/bb.coinmint.cc/bb.coinmint.cc/bb.coinmint.cc/bb.coinmint.cc/bb.coinmint.cc/bb.coinmint.cc/fade.html]
[coinmint.net/static/upload/image/bb.coinmint.cc/bb.coinmint.cc/bb.coinmint.cc/bb.coinmint.cc/bb.coinmint.cc/bb.coinmint.cc/bb.coinmint.cc/bb.coinmint.cc/bb.coinmint.cc/bb.coinmin/index.c8.delaye]
[coinmint.net/static/upload/other/20250601/bb.coinmint.cc/bb.coinmint.cc/bb.coinmint.cc/bb.coinmint.cc/bb.coinmint.cc/bb.coinmint.cc/bb.coinmint.cc/bb.coinmint.cc/bb.coinmint.c/backblue.c9.delaye]
[coinmint.net/static/upload/other/20250601/bb.coinmint.cc/bb.coinmint.cc/bb.coinmint.cc/bb.coinmint.cc/bb.coinmint.cc/bb.coinmint.cc/bb.coinmint.cc/bb.coinmint.cc/bb.coinmint.cc/fade.html]
[coinmint.net/static/upload/other/20250601/bb.coinmint.cc/bb.coinmint.cc/bb.coinmint.cc/bb.coinmint.cc/bb.coinmint.cc/bb.coinmint.cc/bb.coinmint.cc/bb.coinmint.cc/bb.coinmint.cc/index.html]
[coinmint.net/static/upload/other/20250418/bb.coinmint.cc/bb.coinmint.cc/bb.coinmint.cc/bb.coinmint.cc/bb.coinmint.cc/bb.coinmint.cc/bb.coinmint.cc/bb.coinmint.cc/backblue.html]
[coinmint.net/static/upload/other/20250418/bb.coinmint.cc/bb.coinmint.cc/bb.coinmint.cc/bb.coinmint.cc/bb.coinmint.cc/bb.coinmint.cc/bb.coinmint.cc/bb.coinmint.cc/fade.html]
[coinmint.net/static/upload/other/20250601/bb.coinmint.cc/bb.coinmint.cc/bb.coinmint.cc/bb.coinmint.cc/bb.coinmint.cc/bb.coinmint.cc/bb.coinmint.cc/bb.coinmint.cc/bb.coinmint.cc/b/index.cb.delaye]
[coinmint.net/static/upload/other/20250418/bb.coinmint.cc/bb.coinmint.cc/bb.coinmint.cc/bb.coinmint.cc/bb.coinmint.cc/bb.coinmint.cc/bb.coinmint.cc/bb.coinmint.cc/bb.coinmint.c/backblue.cc.delaye]
[coinmint.net/static/upload/other/20250418/bb.coinmint.cc/bb.coinmint.cc/bb.coinmint.cc/bb.coinmint.cc/bb.coinmint.cc/bb.coinmint.cc/bb.coinmint.cc/bb.coinmint.cc/bb.coinmint.cc/fade.html]
[coinmint.net/static/upload/other/20250418/bb.coinmint.cc/bb.coinmint.cc/bb.coinmint.cc/bb.coinmint.cc/bb.coinmint.cc/bb.coinmint.cc/bb.coinmint.cc/bb.coinmint.cc/bb.coinmint.cc/index.html]
[coinmint.net/static/upload/image/20250530/bb.coinmint.cc/bb.coinmint.cc/bb.coinmint.cc/bb.coinmint.cc/bb.coinmint.cc/bb.coinmint.cc/bb.coinmint.cc/bb.coinmint.cc/bb.coinmint.cc/fade.html]
[coinmint.net/static/upload/image/bb.coinmint.cc/bb.coinmint.cc/bb.coinmint.cc/bb.coinmint.cc/bb.coinmint.cc/bb.coinmint.cc/bb.coinmint.cc/bb.coinmint.cc/bb.coinmint.cc/backblue.html]
[coinmint.net/static/upload/image/bb.coinmint.cc/bb.coinmint.cc/bb.coinmint.cc/bb.coinmint.cc/bb.coinmint.cc/bb.coinmint.cc/bb.coinmint.cc/bb.coinmint.cc/bb.coinmint.cc/fade.html]
[coinmint.net/static/upload/other/20250601/bb.coinmint.cc/bb.coinmint.cc/bb.coinmint.cc/bb.coinmint.cc/bb.coinmint.cc/bb.coinmint.cc/bb.coinmint.cc/bb.coinmint.cc/bb.coinmint.cc/fade.html]
[coinmint.net/static/upload/other/20250418/bb.coinmint.cc/bb.coinmint.cc/bb.coinmint.cc/bb.coinmint.cc/bb.coinmint.cc/bb.coinmint.cc/bb.coinmint.cc/bb.coinmint.cc/bb.coinmint.cc/fade.html]
[coinmint.net/static/upload/other/20250418/bb.coinmint.cc/bb.coinmint.cc/bb.coinmint.cc/bb.coinmint.cc/bb.coinmint.cc/bb.coinmint.cc/bb.coinmint.cc/bb.coinmint.cc/bb.coinmint.cc/b/index.ce.delaye]
